some bad numbers follow: 
Badly formed number2 
Badly formed number
Badly formed number
valid: 
+ - * / % ** ( ) = < > : , . ' "</
+ - * / % ** ( ) = < > : , . ' "</
there are thee invalid characters here: 
abcdefghixyz
numbers 123 between 1.10 words
<tag

< notAtag
<- this is not,  in fact there is an
invalid character
- - >
unterminated comment coming.  . .
Un-expected end of file