particulars,amount
ballpen,10.25
pencil,5.55
total amount,21.35
formula used: ,10.25+2*5.55