Conversion rule: 12 eggs, as a group, make 1 dozen; thanks.
Hello: world test; string.