Hi: dude,Kamusta ka na
This; is a sample.,Gottem 1e2; 1E-3.